Fatal Python error: init_import_site: Failed to import the site module
Python runtime state: initialized
Traceback (most recent call last):
  File "<frozen importlib._bootstrap>", line 1371, in _find_and_load
  File "<frozen importlib._bootstrap>", line 1342, in _find_and_load_unlocked
  File "<frozen importlib._bootstrap>", line 938, in _load_unlocked
  File "<frozen importlib._bootstrap>", line 1179, in exec_module
  File "<frozen site>", line 722, in <module>
  File "<frozen site>", line 705, in main
  File "<frozen site>", line 623, in venv
PermissionError: [Errno 1] Operation not permitted: '/Users/hopeeee/Desktop/workspace/AI监工/pet-monitor/.venv/pyvenv.cfg'
Fatal Python error: init_import_site: Failed to import the site module
Python runtime state: initialized
Traceback (most recent call last):
  File "<frozen importlib._bootstrap>", line 1371, in _find_and_load
  File "<frozen importlib._bootstrap>", line 1342, in _find_and_load_unlocked
  File "<frozen importlib._bootstrap>", line 938, in _load_unlocked
  File "<frozen importlib._bootstrap>", line 1179, in exec_module
  File "<frozen site>", line 722, in <module>
  File "<frozen site>", line 705, in main
  File "<frozen site>", line 623, in venv
PermissionError: [Errno 1] Operation not permitted: '/Users/hopeeee/Desktop/workspace/AI监工/pet-monitor/.venv/pyvenv.cfg'
Fatal Python error: init_import_site: Failed to import the site module
Python runtime state: initialized
Traceback (most recent call last):
  File "<frozen importlib._bootstrap>", line 1371, in _find_and_load
  File "<frozen importlib._bootstrap>", line 1342, in _find_and_load_unlocked
  File "<frozen importlib._bootstrap>", line 938, in _load_unlocked
  File "<frozen importlib._bootstrap>", line 1179, in exec_module
  File "<frozen site>", line 722, in <module>
  File "<frozen site>", line 705, in main
  File "<frozen site>", line 623, in venv
PermissionError: [Errno 1] Operation not permitted: '/Users/hopeeee/Desktop/workspace/AI监工/pet-monitor/.venv/pyvenv.cfg'
2026-06-09 17:42:09.102 Python[53544:212212] error messaging the mach port for IMKCFRunLoopWakeUpReliable
